<?xml version="1.0" encoding="utf-8"?><testsuites name="pytest tests"><testsuite name="pytest" errors="0" failures="0" skipped="0" tests="0" time="7.321" timestamp="2025-08-20T08:22:58.384267-05:00" hostname="Cristian" /></testsuites>